<!DOCTYPE html>
<html lang="en">
<head>
<meta charset="utf-8" />
<meta name="viewport" content="width=device-width, initial-scale=1" />
<meta name="color-scheme" content="light dark" />
<meta name="robots" content="noindex" />
<meta name="referrer" content="no-referrer" />
<meta http-equiv="Content-Security-Policy" content="default-src &#39;none&#39;; style-src &#39;unsafe-inline&#39;; base-uri &#39;none&#39;; form-action &#39;none&#39;" />
<title>agent-archive stats · last 30 days</title>
<style>:root {
  color-scheme: light dark;
  --page: #f9f9f7;
  --surface: #fcfcfb;
  --ink: #0b0b0b;
  --ink-2: #52514e;
  --ink-3: #6b6a65;
  --grid: #e1e0d9;
  --axis: #c3c2b7;
  --border: rgba(11, 11, 11, 0.12);
  --cyan: #0e8fb0;
  --cyan-strong: #08708a;
  --claude: #d4610a;
  --cursor: #2a78d6;
  --codex: #1f9a5e;
  --opus: #8a5cf0;
  --fable: #d6459a;
  --sonnet: #0f9a8e;
  --haiku: #b8860b;
  --gpt: #1f9a5e;
  --other: #7f7d77;
  --seg1: #5f7f9f;
  --seg2: #d4610a;
  --seg3: #1f9a5e;
  --seg4: #c03fc0;
  --on-seg: #000000;
  --amber: #b26b00;
  --amber-text: #8a5600;
  --green-text: #17703f;
  --unknown: #8a8882;
}
@media (prefers-color-scheme: dark) {
  :root {
    --page: #0d0d0d;
    --surface: #1a1a19;
    --ink: #ffffff;
    --ink-2: #c3c2b7;
    --ink-3: #a8a79e;
    --grid: #2c2c2a;
    --axis: #383835;
    --border: rgba(255, 255, 255, 0.12);
    --cyan: #38bde0;
    --cyan-strong: #7fd8f0;
    --claude: #f08a3c;
    --cursor: #5a9bf0;
    --codex: #3fbf7f;
    --opus: #a98bff;
    --fable: #f27ab8;
    --sonnet: #2dc4b6;
    --haiku: #e6b422;
    --gpt: #3fbf7f;
    --other: #9a988f;
    --seg1: #8aa6c4;
    --seg2: #f08a3c;
    --seg3: #3fbf7f;
    --seg4: #e070e0;
    --amber: #f2b544;
    --amber-text: #f2b544;
    --green-text: #52c78b;
    --unknown: #8a8882;
  }
}
* { box-sizing: border-box; }
html { -webkit-text-size-adjust: 100%; }
body {
  margin: 0;
  background: var(--page);
  color: var(--ink);
  font: 15px/1.5 system-ui, -apple-system, "Segoe UI", sans-serif;
}
main { max-width: 980px; margin: 0 auto; padding: 24px 16px 48px; }
svg.defs { position: absolute; width: 0; height: 0; overflow: hidden; }
h1 { font-size: 24px; line-height: 1.2; margin: 0 0 4px; font-weight: 650; }
h2, h3 {
  margin: 0 0 12px;
  font-size: 12px;
  font-weight: 650;
  letter-spacing: 0.08em;
  text-transform: uppercase;
  color: var(--ink-2);
}
h2.divider { margin: 28px 0 12px; padding-top: 4px; }
.head { margin-bottom: 20px; }
.sub { margin: 0; color: var(--ink-2); }
.lead { margin: 0; color: var(--ink-2); font-size: 16px; }
.note { margin: 8px 0 0; font-size: 13px; color: var(--ink-3); }
.card {
  background: var(--surface);
  border: 1px solid var(--border);
  border-radius: 10px;
  padding: 16px;
  margin: 0 0 16px;
  break-inside: avoid;
}
.two { display: grid; grid-template-columns: 1fr; gap: 0 16px; }
@media (min-width: 860px) { .two { grid-template-columns: 1fr 1fr; } }
.two > * { min-width: 0; }
.stats { display: grid; grid-template-columns: repeat(3, 1fr); gap: 0; }
.stat { padding: 0 16px; min-width: 0; }
.stat:first-child { padding-left: 0; }
.stat + .stat { border-left: 1px solid var(--grid); }
.stat .label { font-size: 12px; font-weight: 650; letter-spacing: 0.08em; text-transform: uppercase; color: var(--ink-2); }
.stat .value { font-size: 34px; line-height: 1.15; font-weight: 700; margin: 2px 0 4px; overflow-wrap: anywhere; font-variant-numeric: tabular-nums; }
.stat .delta { font-size: 14px; font-weight: 600; font-variant-numeric: tabular-nums; }
.stat .delta .vs { font-weight: 400; color: var(--ink-3); }
.delta.up { color: var(--amber-text); }
.delta.down { color: var(--green-text); }
.delta.flat { color: var(--ink-2); }
.stat .note { margin: 2px 0 0; }
.sr {
  position: absolute; width: 1px; height: 1px; margin: -1px; padding: 0;
  overflow: hidden; clip: rect(0 0 0 0); white-space: nowrap; border: 0;
}
svg.stack { display: block; margin: 2px 0 12px; overflow: hidden; border-radius: 4px; }
svg.stack rect { stroke: var(--surface); stroke-width: 2; }
ul.key { list-style: none; margin: 0; padding: 0; display: flex; flex-wrap: wrap; gap: 4px 20px; font-size: 14px; }
ul.key li { white-space: nowrap; }
ul.key .pct { font-variant-numeric: tabular-nums; font-weight: 650; }
ul.key .of { color: var(--ink-3); font-size: 13px; }
ul.key svg.swatch, table.legend svg.swatch { display: inline-block; vertical-align: -2px; margin-right: 7px; }
table { width: 100%; border-collapse: collapse; }
th, td { text-align: left; padding: 6px 8px 6px 0; font-weight: 400; vertical-align: middle; }
thead th { font-size: 12px; color: var(--ink-3); border-bottom: 1px solid var(--grid); padding-bottom: 6px; }
tbody th { font-weight: 500; overflow-wrap: anywhere; min-width: 7em; }
tbody tr + tr th, tbody tr + tr td { border-top: 1px solid var(--grid); }
.num { text-align: right; font-variant-numeric: tabular-nums; white-space: nowrap; padding-right: 0; padding-left: 12px; }
.barcol { width: 34%; min-width: 80px; padding-left: 4px; }
@media (max-width: 559px) {
  .barcol, .barnote { display: none; }
  main { padding: 16px 12px 40px; }
  .card { padding: 12px; }
  .stats { grid-template-columns: 1fr 1fr; gap: 12px 0; }
  .stat:first-child { grid-column: 1 / -1; }
  .stat:nth-child(2) { padding-left: 0; }
  .stat:nth-child(2n+2) { border-left: 0; }
  .stat:nth-child(3) { border-left: 1px solid var(--grid); padding-left: 16px; }
  .stat .value { font-size: 30px; }
  table { font-size: 13px; }
  .num { padding-left: 8px; }
  thead th.num { white-space: normal; }
  tbody th { min-width: 5.5em; }
}
.nb { white-space: nowrap; }
.scroll { overflow-x: auto; }
svg.bar { display: block; overflow: hidden; }
.fill-project { fill: var(--cyan); }
.fill-opus { fill: var(--opus); }
.fill-fable { fill: var(--fable); }
.fill-sonnet { fill: var(--sonnet); }
.fill-haiku { fill: var(--haiku); }
.fill-gpt { fill: var(--gpt); }
.fill-other, .fill-agent-other { fill: var(--other); }
.fill-agent-claude { fill: var(--claude); }
.fill-agent-cursor { fill: var(--cursor); }
.fill-agent-codex { fill: var(--codex); }
.chart { width: 100%; }
svg.daily { display: block; overflow: visible; }
svg.daily .grid, svg.daily .axis { stroke-width: 1; }
svg.daily .grid { stroke: var(--grid); }
svg.daily .axis { stroke: var(--axis); }
svg.daily .bar { fill: var(--cyan); }
svg.daily .bar.peak { fill: var(--cyan-strong); }
svg.daily .bar.zero { fill: var(--axis); }
svg.daily .bar.unknown { fill: var(--unknown); }
svg.daily .hit { fill: transparent; }
svg.daily .slot:hover .bar { fill: var(--ink); }
svg.daily text { font: 12px system-ui, -apple-system, "Segoe UI", sans-serif; fill: var(--ink-2); }
svg.daily .peak-label { font-weight: 650; fill: var(--ink); }
svg.daily .tick { fill: var(--ink-3); font-variant-numeric: tabular-nums; }
details.data { margin-top: 10px; font-size: 13px; }
details.data summary { cursor: pointer; color: var(--ink-2); }
details.data table { margin-top: 8px; max-width: 520px; }
.donut-wrap { display: flex; flex-wrap: wrap; align-items: center; gap: 16px 32px; }
svg.donut { flex: none; max-width: 100%; height: auto; }
.ring { stroke: var(--seg1); }
.ring.seg2 { stroke: var(--seg2); }
.ring.seg3 { stroke: var(--seg3); }
.ring.seg4 { stroke: var(--seg4); }
.ring-fill { fill: var(--seg1); }
.ring-fill.seg2 { fill: var(--seg2); }
.ring-fill.seg3 { fill: var(--seg3); }
.ring-fill.seg4 { fill: var(--seg4); }
.seg-label { font: 650 13px system-ui, -apple-system, "Segoe UI", sans-serif; fill: var(--on-seg); }
.donut-total { font: 650 24px system-ui, -apple-system, "Segoe UI", sans-serif; fill: var(--ink); }
.donut-unit { font: 13px system-ui, -apple-system, "Segoe UI", sans-serif; fill: var(--ink-2); }
table.legend { flex: 1 1 260px; width: auto; min-width: 240px; max-width: 420px; }
.row { display: flex; flex-wrap: wrap; gap: 4px 16px; align-items: flex-start; }
.row + .row { margin-top: 12px; }
.row-label { flex: none; width: 56px; font-size: 13px; color: var(--ink-2); padding-top: 2px; }
.chips { list-style: none; margin: 0; padding: 0; display: flex; flex-wrap: wrap; gap: 6px 8px; flex: 1 1 240px; min-width: 0; }
.chips li { border: 1px solid var(--border); border-radius: 999px; padding: 2px 10px; font-size: 13px; overflow-wrap: anywhere; }
.chip-count { color: var(--ink-3); font-variant-numeric: tabular-nums; }
ul.alerts { list-style: none; margin: 0; padding: 0; display: grid; gap: 6px; }
ul.alerts li { position: relative; padding-left: 22px; overflow-wrap: anywhere; }
ul.alerts li::before {
  content: "";
  position: absolute; left: 4px; top: 0.55em;
  width: 9px; height: 9px; border-radius: 50%;
  background: var(--amber);
}
.facts { margin: 0; display: grid; gap: 10px; }
.facts div { display: grid; grid-template-columns: 9.5em 1fr; gap: 12px; }
@media (max-width: 559px) { .facts div { grid-template-columns: 1fr; gap: 0; } }
.facts dt { color: var(--ink-2); font-size: 13px; padding-top: 1px; }
.facts dd { margin: 0; overflow-wrap: anywhere; }
.foot { margin-top: 28px; padding-top: 16px; border-top: 1px solid var(--grid); font-size: 13px; color: var(--ink-3); }
.foot p { margin: 0 0 6px; }
@media print {
  :root { --page: #ffffff; --surface: #ffffff; --ink: #000000; --ink-2: #333333; --ink-3: #444444; --border: #999999; --amber-text: #000000; --green-text: #000000; --amber: #000000; }
  body { font-size: 11pt; }
  main { max-width: none; padding: 0; }
  .card { border-color: #999999; }
  svg.daily .bar { fill: #555555; }
  svg.daily .bar.peak { fill: #000000; }
  svg.daily .bar.unknown { fill: #999999; }
  .fill-project, .fill-opus, .fill-fable, .fill-sonnet, .fill-haiku, .fill-gpt, .fill-other { fill: #000000; }
  .fill-agent-claude { fill: url(#hatch1); }
  .fill-agent-cursor { fill: url(#hatch2); }
  .fill-agent-codex { fill: url(#hatch3); }
  .fill-agent-other { fill: url(#hatch4); }
  svg.stack rect { stroke: #000000; stroke-width: 1; }
  .ring.seg1 { stroke: url(#hatch1); }
  .ring.seg2 { stroke: url(#hatch2); }
  .ring.seg3 { stroke: url(#hatch3); }
  .ring.seg4 { stroke: url(#hatch4); }
  .ring-fill.seg1 { fill: url(#hatch1); }
  .ring-fill.seg2 { fill: url(#hatch2); }
  .ring-fill.seg3 { fill: url(#hatch3); }
  .ring-fill.seg4 { fill: url(#hatch4); }
  .seg-label { display: none; }
  details.data { display: none; }
}
@media (forced-colors: active) {
  svg.daily .bar, svg.bar rect, .fill-project, .fill-opus, .fill-fable, .fill-sonnet, .fill-haiku, .fill-gpt, .fill-other { fill: CanvasText; }
  .fill-agent-claude { fill: url(#hatch1); }
  .fill-agent-cursor { fill: url(#hatch2); }
  .fill-agent-codex { fill: url(#hatch3); }
  .fill-agent-other { fill: url(#hatch4); }
  ul.alerts li::before { background: CanvasText; }
  .ring.seg1 { stroke: url(#hatch1); }
  .ring.seg2 { stroke: url(#hatch2); }
  .ring.seg3 { stroke: url(#hatch3); }
  .ring.seg4 { stroke: url(#hatch4); }
  .ring-fill.seg1 { fill: url(#hatch1); }
  .ring-fill.seg2 { fill: url(#hatch2); }
  .ring-fill.seg3 { fill: url(#hatch3); }
  .ring-fill.seg4 { fill: url(#hatch4); }
  .seg-label { display: none; }
}
</style>
</head>
<body>
<svg class="defs" width="0" height="0" aria-hidden="true" focusable="false">
<defs>
<pattern id="hatch1" width="6" height="6" patternUnits="userSpaceOnUse" patternTransform="rotate(45)"><rect width="6" height="6" fill="#ffffff" /><line x1="0" y1="0" x2="0" y2="6" stroke="#000000" stroke-width="3" /></pattern>
<pattern id="hatch2" width="8" height="8" patternUnits="userSpaceOnUse" patternTransform="rotate(135)"><rect width="8" height="8" fill="#ffffff" /><line x1="0" y1="0" x2="0" y2="8" stroke="#000000" stroke-width="2" /></pattern>
<pattern id="hatch3" width="5" height="5" patternUnits="userSpaceOnUse" patternTransform="rotate(90)"><rect width="5" height="5" fill="#ffffff" /><line x1="0" y1="0" x2="0" y2="5" stroke="#000000" stroke-width="1" /></pattern>
<pattern id="hatch4" width="7" height="7" patternUnits="userSpaceOnUse"><rect width="7" height="7" fill="#ffffff" /><circle cx="3.5" cy="3.5" r="1.6" fill="#000000" /></pattern>
</defs>
</svg>
<main>
<header class="head">
<h1>agent-archive stats</h1>
<p class="sub"><span class="nb">Last 30 days</span> · <span class="nb">2026-08-31 to 2026-09-29</span> · <span class="nb">3 agents</span></p>
</header>
<section class="card hero" aria-labelledby="h-headline">
<h2 id="h-headline" class="sr">Headline numbers</h2>
<div class="stats">
<div class="stat">
<div class="label">Spend</div>
<div class="value">$5,441</div>
<div class="note">estimated at list price</div>
</div>
<div class="stat">
<div class="label">Sessions</div>
<div class="value">93</div>
<div class="note">872 prompts</div>
</div>
<div class="stat">
<div class="label">Tokens</div>
<div class="value">10B</div>
<div class="note">94% served from cache</div>
</div>
</div>
</section>
<section class="card" aria-labelledby="h-agentbar">
<h2 id="h-agentbar">Agents</h2>
<svg class="stack" width="100%" height="28" role="img" aria-label="Sessions by agent: Claude Code 90%, Cursor 9%, Codex 1%.">
<rect class="fill-agent-claude" x="0%" width="90.32%" y="0" height="28" rx="4"><title>Claude Code · 84 sessions · 90%</title></rect>
<rect class="fill-agent-cursor" x="90.32%" width="8.6%" y="0" height="28" rx="4"><title>Cursor · 8 sessions · 9%</title></rect>
<rect class="fill-agent-codex" x="98.92%" width="1.08%" y="0" height="28" rx="4"><title>Codex · 1 session · 1%</title></rect>
</svg>
<ul class="key">
<li><svg class="swatch" width="14" height="14" aria-hidden="true" focusable="false"><rect class="fill-agent-claude" width="14" height="14" rx="3" /></svg>Claude Code <span class="pct">90%</span></li>
<li><svg class="swatch" width="14" height="14" aria-hidden="true" focusable="false"><rect class="fill-agent-cursor" width="14" height="14" rx="3" /></svg>Cursor <span class="pct">9%</span></li>
<li><svg class="swatch" width="14" height="14" aria-hidden="true" focusable="false"><rect class="fill-agent-codex" width="14" height="14" rx="3" /></svg>Codex <span class="pct">1%</span></li>
<li class="of">of sessions</li>
</ul>
</section>
<section class="card" aria-labelledby="h-daily">
<h2 id="h-daily">Daily spend</h2>
<div class="chart" style="max-width:340px">
<svg class="daily" width="100%" height="196" role="img" aria-label="Spend by day, Sep 20 to Sep 29. Peak $3,632 on Sep 27.">
<line class="grid" x1="0" x2="100%" y1="30" y2="30" />
<line class="axis" x1="0" x2="100%" y1="168" y2="168" />
<g class="slot"><title>Sep 20 · $345 · 6 sessions</title><rect class="hit" x="0%" width="10%" y="0" height="196" /><rect class="bar day" x="1.4%" width="7.2%" y="154.9" height="13.1" rx="2" /></g>
<g class="slot"><title>Sep 21 · no sessions</title><rect class="hit" x="10%" width="10%" y="0" height="196" /><rect class="bar zero" x="11.4%" width="7.2%" y="167" height="1" rx="2" /></g>
<g class="slot"><title>Sep 22 · no sessions</title><rect class="hit" x="20%" width="10%" y="0" height="196" /><rect class="bar zero" x="21.4%" width="7.2%" y="167" height="1" rx="2" /></g>
<g class="slot"><title>Sep 23 · no sessions</title><rect class="hit" x="30%" width="10%" y="0" height="196" /><rect class="bar zero" x="31.4%" width="7.2%" y="167" height="1" rx="2" /></g>
<g class="slot"><title>Sep 24 · no sessions</title><rect class="hit" x="40%" width="10%" y="0" height="196" /><rect class="bar zero" x="41.4%" width="7.2%" y="167" height="1" rx="2" /></g>
<g class="slot"><title>Sep 25 · $1,465 · 12 sessions</title><rect class="hit" x="50%" width="10%" y="0" height="196" /><rect class="bar day" x="51.4%" width="7.2%" y="112.35" height="55.65" rx="2" /></g>
<g class="slot"><title>Sep 26 · no sessions</title><rect class="hit" x="60%" width="10%" y="0" height="196" /><rect class="bar zero" x="61.4%" width="7.2%" y="167" height="1" rx="2" /></g>
<g class="slot"><title>Sep 27 · $3,632 · 75 sessions</title><rect class="hit" x="70%" width="10%" y="0" height="196" /><rect class="bar day peak" x="71.4%" width="7.2%" y="30" height="138" rx="2" /></g>
<g class="slot"><title>Sep 28 · no sessions</title><rect class="hit" x="80%" width="10%" y="0" height="196" /><rect class="bar zero" x="81.4%" width="7.2%" y="167" height="1" rx="2" /></g>
<g class="slot"><title>Sep 29 · no sessions</title><rect class="hit" x="90%" width="10%" y="0" height="196" /><rect class="bar zero" x="91.4%" width="7.2%" y="167" height="1" rx="2" /></g>
<text class="peak-label" x="75%" y="22" text-anchor="middle">Peak $3,632 · Sep 27</text>
<text class="tick" x="0" y="188" text-anchor="start">Sep 20</text>
<text class="tick" x="100%" y="188" text-anchor="end">Sep 29</text>
</svg>
</div>
<p class="note">Each bar is one day. Estimated at list price. A short grey mark means sessions that could not be priced.</p>
<details class="data">
<summary>Show as a table</summary>
<table>
<thead><tr><th scope="col">Day</th><th scope="col" class="num">Sessions</th><th scope="col" class="num">Spend</th><th scope="col" class="num">Tokens</th></tr></thead>
<tbody>
<tr><th scope="row">Sep 20</th><td class="num">6</td><td class="num">$345</td><td class="num">693M</td></tr>
<tr><th scope="row">Sep 21</th><td class="num">0</td><td class="num">0</td><td class="num">0</td></tr>
<tr><th scope="row">Sep 22</th><td class="num">0</td><td class="num">0</td><td class="num">0</td></tr>
<tr><th scope="row">Sep 23</th><td class="num">0</td><td class="num">0</td><td class="num">0</td></tr>
<tr><th scope="row">Sep 24</th><td class="num">0</td><td class="num">0</td><td class="num">0</td></tr>
<tr><th scope="row">Sep 25</th><td class="num">12</td><td class="num">$1,465</td><td class="num">2.5B</td></tr>
<tr><th scope="row">Sep 26</th><td class="num">0</td><td class="num">0</td><td class="num">0</td></tr>
<tr><th scope="row">Sep 27</th><td class="num">75</td><td class="num">$3,632</td><td class="num">7.1B</td></tr>
<tr><th scope="row">Sep 28</th><td class="num">0</td><td class="num">0</td><td class="num">0</td></tr>
<tr><th scope="row">Sep 29</th><td class="num">0</td><td class="num">0</td><td class="num">0</td></tr>
</tbody>
</table>
</details>
</section>
<h2 class="divider" id="h-where">Where it went</h2>
<div class="two">
<section class="card" aria-labelledby="h-projects">
<h3 id="h-projects">By project</h3>
<div class="scroll" role="region" tabindex="0" aria-labelledby="h-projects">
<table class="rows">
<thead><tr><th scope="col">Project</th><th scope="col" class="barcol"><span class="sr">Bar</span></th><th scope="col" class="num">Spend</th><th scope="col" class="num">Sessions</th></tr></thead>
<tbody>
<tr><th scope="row">project A</th><td class="barcol"><svg class="bar" aria-hidden="true" focusable="false" width="100%" height="10"><rect class="fill-project" width="100%" height="10" rx="4" /></svg></td><td class="num">$1,966</td><td class="num">42</td></tr>
<tr><th scope="row">project B</th><td class="barcol"><svg class="bar" aria-hidden="true" focusable="false" width="100%" height="10"><rect class="fill-project" width="64.99%" height="10" rx="4" /></svg></td><td class="num">$1,278</td><td class="num">8</td></tr>
<tr><th scope="row">project C</th><td class="barcol"><svg class="bar" aria-hidden="true" focusable="false" width="100%" height="10"><rect class="fill-project" width="42.22%" height="10" rx="4" /></svg></td><td class="num">$830</td><td class="num">15</td></tr>
<tr><th scope="row">project D</th><td class="barcol"><svg class="bar" aria-hidden="true" focusable="false" width="100%" height="10"><rect class="fill-project" width="24.58%" height="10" rx="4" /></svg></td><td class="num">$483</td><td class="num">8</td></tr>
<tr><th scope="row">project E</th><td class="barcol"><svg class="bar" aria-hidden="true" focusable="false" width="100%" height="10"><rect class="fill-project" width="16.89%" height="10" rx="4" /></svg></td><td class="num">$332</td><td class="num">6</td></tr>
</tbody>
</table>
</div>
<p class="note barnote">Bars show estimated cost, each against the dearest project listed.</p>
<p class="note">and 7 more projects, not shown</p>
<p class="note">Project names are replaced by letters in this file.</p>
</section>
<section class="card" aria-labelledby="h-models">
<h3 id="h-models">By model</h3>
<div class="scroll" role="region" tabindex="0" aria-labelledby="h-models">
<table class="rows">
<thead><tr><th scope="col">Model</th><th scope="col" class="barcol"><span class="sr">Bar</span></th><th scope="col" class="num">Spend</th><th scope="col" class="num">Share</th></tr></thead>
<tbody>
<tr><th scope="row">sonnet</th><td class="barcol"><svg class="bar" aria-hidden="true" focusable="false" width="100%" height="10"><rect class="fill-sonnet" width="100%" height="10" rx="4" /></svg></td><td class="num">$3,131</td><td class="num">58%</td></tr>
<tr><th scope="row">opus</th><td class="barcol"><svg class="bar" aria-hidden="true" focusable="false" width="100%" height="10"><rect class="fill-opus" width="61.62%" height="10" rx="4" /></svg></td><td class="num">$1,929</td><td class="num">35%</td></tr>
<tr><th scope="row">fable</th><td class="barcol"><svg class="bar" aria-hidden="true" focusable="false" width="100%" height="10"><rect class="fill-fable" width="11.37%" height="10" rx="4" /></svg></td><td class="num">$356</td><td class="num">7%</td></tr>
<tr><th scope="row">haiku</th><td class="barcol"><svg class="bar" aria-hidden="true" focusable="false" width="100%" height="10"><rect class="fill-haiku" width="0.76%" height="10" rx="4" /></svg></td><td class="num">$24</td><td class="num">&lt;1%</td></tr>
<tr><th scope="row">gpt-5.6</th><td class="barcol"><svg class="bar" aria-hidden="true" focusable="false" width="100%" height="10"><rect class="fill-gpt" width="0.04%" height="10" rx="4" /></svg></td><td class="num">$1.14</td><td class="num">&lt;1%</td></tr>
</tbody>
</table>
</div>
<p class="note barnote">Bars show estimated cost, each against the dearest model.</p>
</section>
</div>
<section class="card" aria-labelledby="h-most">
<h2 id="h-most">Most used</h2>
<div class="row">
<div class="row-label">Skills</div>
<ul class="chips">
<li><span class="chip-name">skill A</span> <span class="chip-count">15 sessions</span></li>
<li><span class="chip-name">skill B</span> <span class="chip-count">4 sessions</span></li>
<li><span class="chip-name">skill C</span> <span class="chip-count">2 sessions</span></li>
<li><span class="chip-name">skill D</span> <span class="chip-count">2 sessions</span></li>
</ul>
</div>
<div class="row">
<div class="row-label">MCP</div>
<ul class="chips">
<li><span class="chip-name">MCP server A</span> <span class="chip-count">81 calls</span></li>
<li><span class="chip-name">MCP server B</span> <span class="chip-count">12 calls</span></li>
</ul>
</div>
<p class="note">Skills count the sessions that used each one; MCP counts calls.</p>
<p class="note">MCP: Claude Code and Cursor only; Codex MCP calls are not recorded.</p>
<p class="note">Skill and MCP server names are replaced by letters in this file.</p>
</section>
<section class="card" aria-labelledby="h-heads">
<h2 id="h-heads">Findings</h2>
<ul class="alerts">
<li>82% of tokens came from subagents (497 runs)</li>
<li>Costliest session $869.40 · project B · long context, 38 subagents</li>
</ul>
</section>
<section class="card" aria-labelledby="h-coverage">
<h2 id="h-coverage">Coverage</h2>
<p class="note">10 sessions have no token data (Cursor 8, Claude Code 2)</p>
<p class="note">Available history starts 2026-09-20; earlier days omitted. Empty days mean no archived sessions.</p>
</section>
<h2 class="divider" id="h-detail">Details</h2>
<section class="card" aria-labelledby="h-agents">
<h3 id="h-agents">Agents</h3>
<div class="scroll" role="region" tabindex="0" aria-labelledby="h-agents">
<table class="rows">
<thead><tr><th scope="col">Agent</th><th scope="col" class="num">Sessions</th><th scope="col" class="num">Tokens</th><th scope="col" class="num">Spend</th><th scope="col" class="num">Cache hit</th></tr></thead>
<tbody>
<tr><th scope="row">Claude Code</th><td class="num">84 (90%)</td><td class="num">10B</td><td class="num">$5,440</td><td class="num">95%</td></tr>
<tr><th scope="row">Cursor</th><td class="num">8 (9%)</td><td class="num">unknown</td><td class="num">n/a</td><td class="num">unknown</td></tr>
<tr><th scope="row">Codex</th><td class="num">1 (1%)</td><td class="num">980K</td><td class="num">$1.14</td><td class="num">78%</td></tr>
</tbody>
</table>
</div>
</section>
<section class="card" aria-labelledby="h-tokens">
<h3 id="h-tokens">What used your tokens</h3>
<div class="donut-wrap">
<svg class="donut" width="200" height="200" viewBox="0 0 200 200" role="img" aria-label="Token composition. Cache read: 9.6B, 94% of tokens. Cache write: 411M, 4% of tokens. Input: 128M, 1% of tokens. Output: 82M, 1% of tokens. ">
<g transform="rotate(-90 100 100)">
<circle class="ring seg1" cx="100" cy="100" r="68" fill="none" stroke-width="34" stroke-dasharray="398.29 28.96" stroke-dashoffset="-1.5"><title>Cache read: 9.6B, 94% of tokens</title></circle>
<circle class="ring seg2" cx="100" cy="100" r="68" fill="none" stroke-width="34" stroke-dasharray="14.19 413.07" stroke-dashoffset="-402.79"><title>Cache write: 411M, 4% of tokens</title></circle>
<circle class="ring seg3" cx="100" cy="100" r="68" fill="none" stroke-width="34" stroke-dasharray="2.35 424.91" stroke-dashoffset="-419.98"><title>Input: 128M, 1% of tokens</title></circle>
<circle class="ring seg4" cx="100" cy="100" r="68" fill="none" stroke-width="34" stroke-dasharray="1 426.26" stroke-dashoffset="-425.04"><title>Output: 82M, 1% of tokens</title></circle>
</g>
<text class="seg-label" x="112.9" y="166.76" text-anchor="middle" dominant-baseline="central">94%</text>
<text class="donut-total" x="100" y="96" text-anchor="middle">10B</text>
<text class="donut-unit" x="100" y="116" text-anchor="middle">tokens</text>
</svg>
<table class="legend">
<thead><tr><th scope="col">Type</th><th scope="col" class="num">Share</th><th scope="col" class="num">Tokens</th></tr></thead>
<tbody>
<tr><th scope="row"><svg class="swatch" width="14" height="14" aria-hidden="true" focusable="false"><rect class="ring-fill seg1" width="14" height="14" rx="3" /></svg>Cache read</th><td class="num">94%</td><td class="num">9.6B</td></tr>
<tr><th scope="row"><svg class="swatch" width="14" height="14" aria-hidden="true" focusable="false"><rect class="ring-fill seg2" width="14" height="14" rx="3" /></svg>Cache write</th><td class="num">4%</td><td class="num">411M</td></tr>
<tr><th scope="row"><svg class="swatch" width="14" height="14" aria-hidden="true" focusable="false"><rect class="ring-fill seg3" width="14" height="14" rx="3" /></svg>Input</th><td class="num">1%</td><td class="num">128M</td></tr>
<tr><th scope="row"><svg class="swatch" width="14" height="14" aria-hidden="true" focusable="false"><rect class="ring-fill seg4" width="14" height="14" rx="3" /></svg>Output</th><td class="num">1%</td><td class="num">82M</td></tr>
</tbody>
</table>
</div>
<p class="note">Subagents used 82% of tokens (8.4B) in 497 runs.</p>
</section>
<section class="card" aria-labelledby="h-facts">
<h3 id="h-facts">At a glance</h3>
<dl class="facts">
<div><dt>Days active</dt><dd>3 of 30 days · no current streak (best 1)</dd></div>
<div><dt>Busiest day</dt><dd>Sep 27 (75 sessions)</dd></div>
<div><dt>Favorite model</dt><dd>sonnet</dd></div>
<div><dt>Costliest session</dt><dd>$869.40 · project B (long context, 38 subagents)</dd></div>
<div><dt>Tool errors</dt><dd>2.9% of 29,960 tool results flagged as errors, 84 sessions measured (9 do not record them)</dd></div>
</dl>
</section>
<footer class="foot">
<p>Scope: this archive only. Sessions with no token data are left out of token and cost totals (Claude Code: 2, Cursor: 8).</p>
<p>Token data: 83 of 93 sessions. 497 subagent runs counted with their parent sessions. Days are counted in UTC; sessions are placed by when they were captured.</p>
<p>Cost is an estimate at list price, not a bill. Prices golden-2, as of 2026-09-29.</p>
<p>This page holds counts and names only: no prompts, transcript text, file paths or session IDs. Project, skill, MCP server and unrecognized model names are replaced by letters; run with --include-names to show them.</p>
<p>Generated 2026-09-29 12:00 UTC by agent-archive stats --html.</p>
</footer>
</main>
</body>
</html>
