agent-archive stats · projects · last 30 days · 1 agent

PROJECTS (2)                         sessions   tokens  est. cost  share
agent-archive                               5  unknown        n/a
dotfiles                                    3  unknown        n/a

Estimated at list price, not a bill.   --view overview
