\e[1magent-archive stats\e[0m\e[2m · models · last 30 days · 3 agents\e[0m

\e[1mMODELS (5)\e[0m                     \e[2msessions\e[0m  \e[2mtokens\e[0m  \e[2mest. cost\e[0m  \e[2mshare\e[0m
opus     \e[35m████████████████████\e[0m        60      7B     $3,270    82%
fable    \e[91m██\e[0m                          20    1.5B       $386    10%
sonnet   \e[36m██\e[0m                          30    1.3B       $320     8%
gpt-5.6  \e[32m█\e[0m                            1    100M      $7.00    <1%
haiku    \e[33m█\e[0m                           10    100M      $6.00    <1%

\e[2mEstimated at list price, not a bill.   --view overview\e[0m
